🎲🎲🎲 EXIT CODE: 0 🎲🎲🎲
🟩🟩🟩 STDOUT️ 🟩🟩🟩️
ID              e126efc0-5f8f-4708-ae9a-f146c98d0149
OrganizationID  d3520a52-2c75-4ba0-bda8-82dd087f07f2
ProjectID       d3520a52-2c75-4ba0-bda8-82dd087f07f2
Description     -
UpdatedAt       few seconds ago
CreatedAt       few seconds ago
Status          attached
IPAddress       51.159.125.17/32
ServerID        5f609fa1-6d6f-4882-87c5-e481fd0d178c
Reverse         51-159-125-17.rev.poneytelecom.eu.
Zone            fr-par-1
🟩🟩🟩 JSON STDOUT 🟩🟩🟩
{
  "id": "e126efc0-5f8f-4708-ae9a-f146c98d0149",
  "organization_id": "d3520a52-2c75-4ba0-bda8-82dd087f07f2",
  "project_id": "d3520a52-2c75-4ba0-bda8-82dd087f07f2",
  "description": "",
  "tags": [],
  "updated_at": "1970-01-01T00:00:00.0Z",
  "created_at": "1970-01-01T00:00:00.0Z",
  "status": "attached",
  "ip_address": "51.159.125.17/32",
  "mac_address": null,
  "server_id": "5f609fa1-6d6f-4882-87c5-e481fd0d178c",
  "reverse": "51-159-125-17.rev.poneytelecom.eu.",
  "zone": "fr-par-1"
}
